[SN] HF anchored by calibrators enabled (HF|calibrators, full-cov, M-marg via calibrator posterior).
[SN]   M_cal = -19.248885  ± 0.030106  (1σ from calibrators only)
[SN]   N_cal=77   N_HF=277
[BAO] Loaded 6 measurements from /home/user/LTA/BAO_consensus_results_dM_Hz.txt
[BAO] qty types: ['DM_scaled', 'H_scaled']
[prior][chain] Building Planck MVGaussian prior from chains:
[prior][chain]   root   = /home/user/LTA/planck_chains/COM_CosmoParams_base-plikHM_R3.01/base/plikHM_TTTEEE_lowl_lowE_lensing/base_plikHM_TTTEEE_lowl_lowE_lensing
[prior][chain]   space  = h0_om_alpha
[prior][chain]   rd_fid  = 147.780000
[prior][chain]   H0_mode=H0  Om_mode=omegam  rdrag_mode=rdrag
[prior][chain]   cols: H0=H0* (idx=27)  h=None  omegam=omegam* (idx=29)  omegamh2=omegamh2* (idx=30)
[prior][chain]         rdrag=rdrag* (idx=58)  rdragh=rdragh* (idx=38)
[prior][chain] Done. rows=4092  sum_w=9412  ESS≈2.59e+03
[prior][chain] mean=[67.36867162  0.31523453  0.99526307]
[prior][chain] sig =[0.53620087 0.00730205 0.00176485]
[prior][chain] cov eigmin=5.942e-08  eigmax=2.876e-01
[d4] baseline chi2=332.444  stepA dchi2=13.593
[d4] compact lam=   10.0 Rreg=0.1: dchi2=  10.096  A=9.753e-04
[d4] compact lam=   30.0 Rreg=0.1: dchi2=  10.096  A=9.753e-04
[d4] compact lam=  100.0 Rreg=0.1: dchi2=  10.096  A=9.754e-04
[d4] compact lam=  300.0 Rreg=0.1: dchi2=  10.096  A=9.756e-04
[d4] compact lam= 1000.0 Rreg=0.1: dchi2=  10.096  A=9.757e-04
[d4] compact lam= 3000.0 Rreg=0.1: dchi2=  10.096  A=9.758e-04
[d4] compact lam=   10.0 Rreg=1.0: dchi2=  10.096  A=9.753e-04
[d4] compact lam=   30.0 Rreg=1.0: dchi2=  10.095  A=9.754e-04
[d4] compact lam=  100.0 Rreg=1.0: dchi2=  10.094  A=9.768e-04
[d4] compact lam=  300.0 Rreg=1.0: dchi2=  10.097  A=9.787e-04
[d4] compact lam= 1000.0 Rreg=1.0: dchi2=  10.100  A=9.798e-04
[d4] compact lam= 3000.0 Rreg=1.0: dchi2=  10.101  A=9.802e-04
[d4] well Rw=  20.0 n=2.0: dchi2=  10.109  A=1.011e-03
[d4] well Rw=  35.0 n=2.0: dchi2=  10.141  A=1.086e-03
[d4] well Rw=  50.0 n=2.0: dchi2=  10.207  A=1.202e-03
[d4] well Rw=  70.0 n=2.0: dchi2=  10.373  A=1.424e-03
[d4] well Rw= 100.0 n=2.0: dchi2=  10.849  A=1.901e-03
[d4] well Rw= 150.0 n=2.0: dchi2=  12.111  A=3.156e-03
[d4] well Rw= 200.0 n=2.0: dchi2=  13.039  A=4.586e-03
[d4] well Rw=  20.0 n=4.0: dchi2=  10.092  A=9.763e-04
[d4] well Rw=  35.0 n=4.0: dchi2=  10.062  A=9.844e-04
[d4] well Rw=  50.0 n=4.0: dchi2=   9.952  A=1.012e-03
[d4] well Rw=  70.0 n=4.0: dchi2=   9.531  A=1.105e-03
[d4] well Rw= 100.0 n=4.0: dchi2=   7.941  A=1.371e-03
[d4] well Rw= 150.0 n=4.0: dchi2=   4.675  A=1.814e-03
[d4] well Rw= 200.0 n=4.0: dchi2=   3.404  A=1.975e-03
[d4] best compact: compact lam=3000.0 Rreg=1.0 dchi2=10.101
[d4] best well:    well Rw=200.0 n=2.0 dchi2=13.039
[d4] wrote out/d4_kernel_scan.json (47s)
